// Jest Snapshot v1, https://goo.gl/fbAQLP

exports[`fixtures client fixtures are mapped to our model from the API response 1`] = `
Array [
  Object {
    "awayTeamId": "801",
    "awayTeamName": "Saudi Arabia",
    "date": 2018-06-14T15:00:00.000Z,
    "fixtureId": "165069",
    "homeTeamId": "808",
    "homeTeamName": "Russia",
    "result": Object {
      "goalsAwayTeam": null,
      "goalsHomeTeam": null,
    },
    "status": "TIMED",
  },
  Object {
    "awayTeamId": "758",
    "awayTeamName": "Uruguay",
    "date": 2018-06-15T12:00:00.000Z,
    "fixtureId": "165084",
    "homeTeamId": "825",
    "homeTeamName": "Egypt",
    "result": Object {
      "goalsAwayTeam": null,
      "goalsHomeTeam": null,
    },
    "status": "TIMED",
  },
  Object {
    "awayTeamId": "840",
    "awayTeamName": "Iran",
    "date": 2018-06-15T15:00:00.000Z,
    "fixtureId": "165083",
    "homeTeamId": "815",
    "homeTeamName": "Morocco",
    "result": Object {
      "goalsAwayTeam": null,
      "goalsHomeTeam": null,
    },
    "status": "TIMED",
  },
  Object {
    "awayTeamId": "760",
    "awayTeamName": "Spain",
    "date": 2018-06-15T18:00:00.000Z,
    "fixtureId": "165076",
    "homeTeamId": "765",
    "homeTeamName": "Portugal",
    "result": Object {
      "goalsAwayTeam": null,
      "goalsHomeTeam": null,
    },
    "status": "TIMED",
  },
  Object {
    "awayTeamId": "779",
    "awayTeamName": "Australia",
    "date": 2018-06-16T10:00:00.000Z,
    "fixtureId": "165072",
    "homeTeamId": "773",
    "homeTeamName": "France",
    "result": Object {
      "goalsAwayTeam": null,
      "goalsHomeTeam": null,
    },
    "status": "TIMED",
  },
  Object {
    "awayTeamId": "1066",
    "awayTeamName": "Iceland",
    "date": 2018-06-16T13:00:00.000Z,
    "fixtureId": "165073",
    "homeTeamId": "762",
    "homeTeamName": "Argentina",
    "result": Object {
      "goalsAwayTeam": null,
      "goalsHomeTeam": null,
    },
    "status": "TIMED",
  },
  Object {
    "awayTeamId": "782",
    "awayTeamName": "Denmark",
    "date": 2018-06-16T16:00:00.000Z,
    "fixtureId": "165071",
    "homeTeamId": "832",
    "homeTeamName": "Peru",
    "result": Object {
      "goalsAwayTeam": null,
      "goalsHomeTeam": null,
    },
    "status": "TIMED",
  },
  Object {
    "awayTeamId": "776",
    "awayTeamName": "Nigeria",
    "date": 2018-06-16T19:00:00.000Z,
    "fixtureId": "165074",
    "homeTeamId": "799",
    "homeTeamName": "Croatia",
    "result": Object {
      "goalsAwayTeam": null,
      "goalsHomeTeam": null,
    },
    "status": "TIMED",
  },
  Object {
    "awayTeamId": "780",
    "awayTeamName": "Serbia",
    "date": 2018-06-17T12:00:00.000Z,
    "fixtureId": "165075",
    "homeTeamId": "793",
    "homeTeamName": "Costa Rica",
    "result": Object {
      "goalsAwayTeam": null,
      "goalsHomeTeam": null,
    },
    "status": "TIMED",
  },
  Object {
    "awayTeamId": "769",
    "awayTeamName": "Mexico",
    "date": 2018-06-17T15:00:00.000Z,
    "fixtureId": "165082",
    "homeTeamId": "759",
    "homeTeamName": "Germany",
    "result": Object {
      "goalsAwayTeam": null,
      "goalsHomeTeam": null,
    },
    "status": "TIMED",
  },
  Object {
    "awayTeamId": "788",
    "awayTeamName": "Switzerland",
    "date": 2018-06-17T18:00:00.000Z,
    "fixtureId": "165070",
    "homeTeamId": "764",
    "homeTeamName": "Brazil",
    "result": Object {
      "goalsAwayTeam": null,
      "goalsHomeTeam": null,
    },
    "status": "TIMED",
  },
  Object {
    "awayTeamId": "772",
    "awayTeamName": "Korea Republic",
    "date": 2018-06-18T12:00:00.000Z,
    "fixtureId": "165081",
    "homeTeamId": "792",
    "homeTeamName": "Sweden",
    "result": Object {
      "goalsAwayTeam": null,
      "goalsHomeTeam": null,
    },
    "status": "TIMED",
  },
  Object {
    "awayTeamId": "1836",
    "awayTeamName": "Panama",
    "date": 2018-06-18T15:00:00.000Z,
    "fixtureId": "165077",
    "homeTeamId": "805",
    "homeTeamName": "Belgium",
    "result": Object {
      "goalsAwayTeam": null,
      "goalsHomeTeam": null,
    },
    "status": "TIMED",
  },
  Object {
    "awayTeamId": "770",
    "awayTeamName": "England",
    "date": 2018-06-18T18:00:00.000Z,
    "fixtureId": "165078",
    "homeTeamId": "802",
    "homeTeamName": "Tunisia",
    "result": Object {
      "goalsAwayTeam": null,
      "goalsHomeTeam": null,
    },
    "status": "TIMED",
  },
  Object {
    "awayTeamId": "766",
    "awayTeamName": "Japan",
    "date": 2018-06-19T12:00:00.000Z,
    "fixtureId": "165080",
    "homeTeamId": "818",
    "homeTeamName": "Colombia",
    "result": Object {
      "goalsAwayTeam": null,
      "goalsHomeTeam": null,
    },
    "status": "TIMED",
  },
  Object {
    "awayTeamId": "804",
    "awayTeamName": "Senegal",
    "date": 2018-06-19T15:00:00.000Z,
    "fixtureId": "165079",
    "homeTeamId": "794",
    "homeTeamName": "Poland",
    "result": Object {
      "goalsAwayTeam": null,
      "goalsHomeTeam": null,
    },
    "status": "TIMED",
  },
  Object {
    "awayTeamId": "825",
    "awayTeamName": "Egypt",
    "date": 2018-06-19T18:00:00.000Z,
    "fixtureId": "165100",
    "homeTeamId": "808",
    "homeTeamName": "Russia",
    "result": Object {
      "goalsAwayTeam": null,
      "goalsHomeTeam": null,
    },
    "status": "TIMED",
  },
  Object {
    "awayTeamId": "815",
    "awayTeamName": "Morocco",
    "date": 2018-06-20T12:00:00.000Z,
    "fixtureId": "165087",
    "homeTeamId": "765",
    "homeTeamName": "Portugal",
    "result": Object {
      "goalsAwayTeam": null,
      "goalsHomeTeam": null,
    },
    "status": "TIMED",
  },
  Object {
    "awayTeamId": "801",
    "awayTeamName": "Saudi Arabia",
    "date": 2018-06-20T15:00:00.000Z,
    "fixtureId": "165086",
    "homeTeamId": "758",
    "homeTeamName": "Uruguay",
    "result": Object {
      "goalsAwayTeam": null,
      "goalsHomeTeam": null,
    },
    "status": "TIMED",
  },
  Object {
    "awayTeamId": "760",
    "awayTeamName": "Spain",
    "date": 2018-06-20T18:00:00.000Z,
    "fixtureId": "165085",
    "homeTeamId": "840",
    "homeTeamName": "Iran",
    "result": Object {
      "goalsAwayTeam": null,
      "goalsHomeTeam": null,
    },
    "status": "TIMED",
  },
  Object {
    "awayTeamId": "779",
    "awayTeamName": "Australia",
    "date": 2018-06-21T12:00:00.000Z,
    "fixtureId": "165099",
    "homeTeamId": "782",
    "homeTeamName": "Denmark",
    "result": Object {
      "goalsAwayTeam": null,
      "goalsHomeTeam": null,
    },
    "status": "TIMED",
  },
  Object {
    "awayTeamId": "832",
    "awayTeamName": "Peru",
    "date": 2018-06-21T15:00:00.000Z,
    "fixtureId": "165096",
    "homeTeamId": "773",
    "homeTeamName": "France",
    "result": Object {
      "goalsAwayTeam": null,
      "goalsHomeTeam": null,
    },
    "status": "TIMED",
  },
  Object {
    "awayTeamId": "799",
    "awayTeamName": "Croatia",
    "date": 2018-06-21T18:00:00.000Z,
    "fixtureId": "165094",
    "homeTeamId": "762",
    "homeTeamName": "Argentina",
    "result": Object {
      "goalsAwayTeam": null,
      "goalsHomeTeam": null,
    },
    "status": "TIMED",
  },
  Object {
    "awayTeamId": "793",
    "awayTeamName": "Costa Rica",
    "date": 2018-06-22T12:00:00.000Z,
    "fixtureId": "165092",
    "homeTeamId": "764",
    "homeTeamName": "Brazil",
    "result": Object {
      "goalsAwayTeam": null,
      "goalsHomeTeam": null,
    },
    "status": "TIMED",
  },
  Object {
    "awayTeamId": "1066",
    "awayTeamName": "Iceland",
    "date": 2018-06-22T15:00:00.000Z,
    "fixtureId": "165098",
    "homeTeamId": "776",
    "homeTeamName": "Nigeria",
    "result": Object {
      "goalsAwayTeam": null,
      "goalsHomeTeam": null,
    },
    "status": "TIMED",
  },
  Object {
    "awayTeamId": "788",
    "awayTeamName": "Switzerland",
    "date": 2018-06-22T18:00:00.000Z,
    "fixtureId": "165091",
    "homeTeamId": "780",
    "homeTeamName": "Serbia",
    "result": Object {
      "goalsAwayTeam": null,
      "goalsHomeTeam": null,
    },
    "status": "TIMED",
  },
  Object {
    "awayTeamId": "802",
    "awayTeamName": "Tunisia",
    "date": 2018-06-23T12:00:00.000Z,
    "fixtureId": "165088",
    "homeTeamId": "805",
    "homeTeamName": "Belgium",
    "result": Object {
      "goalsAwayTeam": null,
      "goalsHomeTeam": null,
    },
    "status": "TIMED",
  },
  Object {
    "awayTeamId": "769",
    "awayTeamName": "Mexico",
    "date": 2018-06-23T15:00:00.000Z,
    "fixtureId": "165089",
    "homeTeamId": "772",
    "homeTeamName": "Korea Republic",
    "result": Object {
      "goalsAwayTeam": null,
      "goalsHomeTeam": null,
    },
    "status": "TIMED",
  },
  Object {
    "awayTeamId": "792",
    "awayTeamName": "Sweden",
    "date": 2018-06-23T18:00:00.000Z,
    "fixtureId": "165090",
    "homeTeamId": "759",
    "homeTeamName": "Germany",
    "result": Object {
      "goalsAwayTeam": null,
      "goalsHomeTeam": null,
    },
    "status": "TIMED",
  },
  Object {
    "awayTeamId": "1836",
    "awayTeamName": "Panama",
    "date": 2018-06-24T12:00:00.000Z,
    "fixtureId": "165093",
    "homeTeamId": "770",
    "homeTeamName": "England",
    "result": Object {
      "goalsAwayTeam": null,
      "goalsHomeTeam": null,
    },
    "status": "TIMED",
  },
  Object {
    "awayTeamId": "804",
    "awayTeamName": "Senegal",
    "date": 2018-06-24T15:00:00.000Z,
    "fixtureId": "165095",
    "homeTeamId": "766",
    "homeTeamName": "Japan",
    "result": Object {
      "goalsAwayTeam": null,
      "goalsHomeTeam": null,
    },
    "status": "TIMED",
  },
  Object {
    "awayTeamId": "818",
    "awayTeamName": "Colombia",
    "date": 2018-06-24T18:00:00.000Z,
    "fixtureId": "165097",
    "homeTeamId": "794",
    "homeTeamName": "Poland",
    "result": Object {
      "goalsAwayTeam": null,
      "goalsHomeTeam": null,
    },
    "status": "TIMED",
  },
  Object {
    "awayTeamId": "825",
    "awayTeamName": "Egypt",
    "date": 2018-06-25T14:00:00.000Z,
    "fixtureId": "165111",
    "homeTeamId": "801",
    "homeTeamName": "Saudi Arabia",
    "result": Object {
      "goalsAwayTeam": null,
      "goalsHomeTeam": null,
    },
    "status": "TIMED",
  },
  Object {
    "awayTeamId": "808",
    "awayTeamName": "Russia",
    "date": 2018-06-25T14:00:00.000Z,
    "fixtureId": "165101",
    "homeTeamId": "758",
    "homeTeamName": "Uruguay",
    "result": Object {
      "goalsAwayTeam": null,
      "goalsHomeTeam": null,
    },
    "status": "TIMED",
  },
  Object {
    "awayTeamId": "765",
    "awayTeamName": "Portugal",
    "date": 2018-06-25T18:00:00.000Z,
    "fixtureId": "165112",
    "homeTeamId": "840",
    "homeTeamName": "Iran",
    "result": Object {
      "goalsAwayTeam": null,
      "goalsHomeTeam": null,
    },
    "status": "TIMED",
  },
  Object {
    "awayTeamId": "815",
    "awayTeamName": "Morocco",
    "date": 2018-06-25T18:00:00.000Z,
    "fixtureId": "165109",
    "homeTeamId": "760",
    "homeTeamName": "Spain",
    "result": Object {
      "goalsAwayTeam": null,
      "goalsHomeTeam": null,
    },
    "status": "TIMED",
  },
  Object {
    "awayTeamId": "773",
    "awayTeamName": "France",
    "date": 2018-06-26T14:00:00.000Z,
    "fixtureId": "165113",
    "homeTeamId": "782",
    "homeTeamName": "Denmark",
    "result": Object {
      "goalsAwayTeam": null,
      "goalsHomeTeam": null,
    },
    "status": "TIMED",
  },
  Object {
    "awayTeamId": "832",
    "awayTeamName": "Peru",
    "date": 2018-06-26T14:00:00.000Z,
    "fixtureId": "165107",
    "homeTeamId": "779",
    "homeTeamName": "Australia",
    "result": Object {
      "goalsAwayTeam": null,
      "goalsHomeTeam": null,
    },
    "status": "TIMED",
  },
  Object {
    "awayTeamId": "762",
    "awayTeamName": "Argentina",
    "date": 2018-06-26T18:00:00.000Z,
    "fixtureId": "165115",
    "homeTeamId": "776",
    "homeTeamName": "Nigeria",
    "result": Object {
      "goalsAwayTeam": null,
      "goalsHomeTeam": null,
    },
    "status": "TIMED",
  },
  Object {
    "awayTeamId": "799",
    "awayTeamName": "Croatia",
    "date": 2018-06-26T18:00:00.000Z,
    "fixtureId": "165114",
    "homeTeamId": "1066",
    "homeTeamName": "Iceland",
    "result": Object {
      "goalsAwayTeam": null,
      "goalsHomeTeam": null,
    },
    "status": "TIMED",
  },
  Object {
    "awayTeamId": "792",
    "awayTeamName": "Sweden",
    "date": 2018-06-27T14:00:00.000Z,
    "fixtureId": "165102",
    "homeTeamId": "769",
    "homeTeamName": "Mexico",
    "result": Object {
      "goalsAwayTeam": null,
      "goalsHomeTeam": null,
    },
    "status": "TIMED",
  },
  Object {
    "awayTeamId": "759",
    "awayTeamName": "Germany",
    "date": 2018-06-27T14:00:00.000Z,
    "fixtureId": "165106",
    "homeTeamId": "772",
    "homeTeamName": "Korea Republic",
    "result": Object {
      "goalsAwayTeam": null,
      "goalsHomeTeam": null,
    },
    "status": "TIMED",
  },
  Object {
    "awayTeamId": "764",
    "awayTeamName": "Brazil",
    "date": 2018-06-27T18:00:00.000Z,
    "fixtureId": "165116",
    "homeTeamId": "780",
    "homeTeamName": "Serbia",
    "result": Object {
      "goalsAwayTeam": null,
      "goalsHomeTeam": null,
    },
    "status": "TIMED",
  },
  Object {
    "awayTeamId": "793",
    "awayTeamName": "Costa Rica",
    "date": 2018-06-27T18:00:00.000Z,
    "fixtureId": "165108",
    "homeTeamId": "788",
    "homeTeamName": "Switzerland",
    "result": Object {
      "goalsAwayTeam": null,
      "goalsHomeTeam": null,
    },
    "status": "TIMED",
  },
  Object {
    "awayTeamId": "794",
    "awayTeamName": "Poland",
    "date": 2018-06-28T14:00:00.000Z,
    "fixtureId": "165104",
    "homeTeamId": "766",
    "homeTeamName": "Japan",
    "result": Object {
      "goalsAwayTeam": null,
      "goalsHomeTeam": null,
    },
    "status": "TIMED",
  },
  Object {
    "awayTeamId": "818",
    "awayTeamName": "Colombia",
    "date": 2018-06-28T14:00:00.000Z,
    "fixtureId": "165103",
    "homeTeamId": "804",
    "homeTeamName": "Senegal",
    "result": Object {
      "goalsAwayTeam": null,
      "goalsHomeTeam": null,
    },
    "status": "TIMED",
  },
  Object {
    "awayTeamId": "802",
    "awayTeamName": "Tunisia",
    "date": 2018-06-28T18:00:00.000Z,
    "fixtureId": "165110",
    "homeTeamId": "1836",
    "homeTeamName": "Panama",
    "result": Object {
      "goalsAwayTeam": null,
      "goalsHomeTeam": null,
    },
    "status": "TIMED",
  },
  Object {
    "awayTeamId": "805",
    "awayTeamName": "Belgium",
    "date": 2018-06-28T18:00:00.000Z,
    "fixtureId": "165105",
    "homeTeamId": "770",
    "homeTeamName": "England",
    "result": Object {
      "goalsAwayTeam": null,
      "goalsHomeTeam": null,
    },
    "status": "TIMED",
  },
  Object {
    "awayTeamId": "757",
    "awayTeamName": "",
    "date": 2018-06-30T14:00:00.000Z,
    "fixtureId": "165119",
    "homeTeamId": "757",
    "homeTeamName": "",
    "result": Object {
      "goalsAwayTeam": null,
      "goalsHomeTeam": null,
    },
    "status": "SCHEDULED",
  },
  Object {
    "awayTeamId": "757",
    "awayTeamName": "",
    "date": 2018-06-30T18:00:00.000Z,
    "fixtureId": "165123",
    "homeTeamId": "757",
    "homeTeamName": "",
    "result": Object {
      "goalsAwayTeam": null,
      "goalsHomeTeam": null,
    },
    "status": "SCHEDULED",
  },
  Object {
    "awayTeamId": "757",
    "awayTeamName": "",
    "date": 2018-07-01T14:00:00.000Z,
    "fixtureId": "165122",
    "homeTeamId": "757",
    "homeTeamName": "",
    "result": Object {
      "goalsAwayTeam": null,
      "goalsHomeTeam": null,
    },
    "status": "SCHEDULED",
  },
  Object {
    "awayTeamId": "757",
    "awayTeamName": "",
    "date": 2018-07-01T18:00:00.000Z,
    "fixtureId": "165121",
    "homeTeamId": "757",
    "homeTeamName": "",
    "result": Object {
      "goalsAwayTeam": null,
      "goalsHomeTeam": null,
    },
    "status": "SCHEDULED",
  },
  Object {
    "awayTeamId": "757",
    "awayTeamName": "",
    "date": 2018-07-02T14:00:00.000Z,
    "fixtureId": "165118",
    "homeTeamId": "757",
    "homeTeamName": "",
    "result": Object {
      "goalsAwayTeam": null,
      "goalsHomeTeam": null,
    },
    "status": "SCHEDULED",
  },
  Object {
    "awayTeamId": "757",
    "awayTeamName": "",
    "date": 2018-07-02T18:00:00.000Z,
    "fixtureId": "165120",
    "homeTeamId": "757",
    "homeTeamName": "",
    "result": Object {
      "goalsAwayTeam": null,
      "goalsHomeTeam": null,
    },
    "status": "SCHEDULED",
  },
  Object {
    "awayTeamId": "757",
    "awayTeamName": "",
    "date": 2018-07-03T14:00:00.000Z,
    "fixtureId": "165117",
    "homeTeamId": "757",
    "homeTeamName": "",
    "result": Object {
      "goalsAwayTeam": null,
      "goalsHomeTeam": null,
    },
    "status": "SCHEDULED",
  },
  Object {
    "awayTeamId": "757",
    "awayTeamName": "",
    "date": 2018-07-03T18:00:00.000Z,
    "fixtureId": "165124",
    "homeTeamId": "757",
    "homeTeamName": "",
    "result": Object {
      "goalsAwayTeam": null,
      "goalsHomeTeam": null,
    },
    "status": "SCHEDULED",
  },
  Object {
    "awayTeamId": "757",
    "awayTeamName": "",
    "date": 2018-07-06T14:00:00.000Z,
    "fixtureId": "165127",
    "homeTeamId": "757",
    "homeTeamName": "",
    "result": Object {
      "goalsAwayTeam": null,
      "goalsHomeTeam": null,
    },
    "status": "SCHEDULED",
  },
  Object {
    "awayTeamId": "757",
    "awayTeamName": "",
    "date": 2018-07-06T18:00:00.000Z,
    "fixtureId": "165126",
    "homeTeamId": "757",
    "homeTeamName": "",
    "result": Object {
      "goalsAwayTeam": null,
      "goalsHomeTeam": null,
    },
    "status": "SCHEDULED",
  },
  Object {
    "awayTeamId": "757",
    "awayTeamName": "",
    "date": 2018-07-07T14:00:00.000Z,
    "fixtureId": "165125",
    "homeTeamId": "757",
    "homeTeamName": "",
    "result": Object {
      "goalsAwayTeam": null,
      "goalsHomeTeam": null,
    },
    "status": "SCHEDULED",
  },
  Object {
    "awayTeamId": "757",
    "awayTeamName": "",
    "date": 2018-07-07T18:00:00.000Z,
    "fixtureId": "165128",
    "homeTeamId": "757",
    "homeTeamName": "",
    "result": Object {
      "goalsAwayTeam": null,
      "goalsHomeTeam": null,
    },
    "status": "SCHEDULED",
  },
  Object {
    "awayTeamId": "757",
    "awayTeamName": "",
    "date": 2018-07-10T18:00:00.000Z,
    "fixtureId": "165130",
    "homeTeamId": "757",
    "homeTeamName": "",
    "result": Object {
      "goalsAwayTeam": null,
      "goalsHomeTeam": null,
    },
    "status": "SCHEDULED",
  },
  Object {
    "awayTeamId": "757",
    "awayTeamName": "",
    "date": 2018-07-11T18:00:00.000Z,
    "fixtureId": "165129",
    "homeTeamId": "757",
    "homeTeamName": "",
    "result": Object {
      "goalsAwayTeam": null,
      "goalsHomeTeam": null,
    },
    "status": "SCHEDULED",
  },
  Object {
    "awayTeamId": "757",
    "awayTeamName": "",
    "date": 2018-07-14T14:00:00.000Z,
    "fixtureId": "165131",
    "homeTeamId": "757",
    "homeTeamName": "",
    "result": Object {
      "goalsAwayTeam": null,
      "goalsHomeTeam": null,
    },
    "status": "SCHEDULED",
  },
  Object {
    "awayTeamId": "757",
    "awayTeamName": "",
    "date": 2018-07-15T15:00:00.000Z,
    "fixtureId": "165132",
    "homeTeamId": "757",
    "homeTeamName": "",
    "result": Object {
      "goalsAwayTeam": null,
      "goalsHomeTeam": null,
    },
    "status": "SCHEDULED",
  },
]
`;
